---
source: borsh-derive/src/internals/deserialize/enums/mod.rs
expression: pretty_print_syn_str(&actual).unwrap()
---
impl borsh::de::BorshDeserialize for AA {
    fn deserialize_reader<R: borsh::io::Read>(
        reader: &mut R,
    ) -> ::core::result::Result<Self, borsh::io::Error> {
        let tag = <u8 as borsh::de::BorshDeserialize>::deserialize_reader(reader)?;
        <Self as borsh::de::EnumExt>::deserialize_variant(reader, tag)
    }
}
impl borsh::de::EnumExt for AA {
    fn deserialize_variant<R: borsh::io::Read>(
        reader: &mut R,
        variant_tag: u8,
    ) -> ::core::result::Result<Self, borsh::io::Error> {
        let mut return_value = if variant_tag == 0u8 {
            AA::B {
                c: core::default::Default::default(),
                d: borsh::BorshDeserialize::deserialize_reader(reader)?,
            }
        } else if variant_tag == 1u8 {
            AA::NegatedVariant {
                beta: borsh::BorshDeserialize::deserialize_reader(reader)?,
            }
        } else {
            return Err(
                borsh::io::Error::new(
                    borsh::io::ErrorKind::InvalidData,
                    borsh::__private::maybestd::format!(
                        "Unexpected variant tag: {:?}", variant_tag
                    ),
                ),
            )
        };
        Ok(return_value)
    }
}

