---
source: borsh-derive/src/internals/deserialize/structs/mod.rs
expression: pretty_print_syn_str(&actual).unwrap()
---
impl reexporter::borsh::de::BorshDeserialize for A {
    fn deserialize_reader<__R: reexporter::borsh::io::Read>(
        reader: &mut __R,
    ) -> ::core::result::Result<Self, reexporter::borsh::io::Error> {
        ::core::result::Result::Ok(Self {
            x: <u64 as reexporter::borsh::BorshDeserialize>::deserialize_reader(reader)?,
            y: <String as reexporter::borsh::BorshDeserialize>::deserialize_reader(
                reader,
            )?,
        })
    }
}
