---
source: borsh-derive/src/internals/deserialize/structs/mod.rs
expression: pretty_print_syn_str(&actual).unwrap()
---
impl reexporter::borsh::de::BorshDeserialize for A {
    fn deserialize_reader<R: reexporter::borsh::io::Read>(
        reader: &mut R,
    ) -> ::core::result::Result<Self, reexporter::borsh::io::Error> {
        Ok(Self {
            x: reexporter::borsh::BorshDeserialize::deserialize_reader(reader)?,
            y: reexporter::borsh::BorshDeserialize::deserialize_reader(reader)?,
        })
    }
}

