---
source: borsh-derive/src/internals/deserialize/structs/mod.rs
expression: pretty_print_syn_str(&actual).unwrap()
---
impl<T> borsh::de::BorshDeserialize for TupleA<T>
where
    T: borsh::de::BorshDeserialize,
{
    fn deserialize_reader<R: borsh::__private::maybestd::io::Read>(
        reader: &mut R,
    ) -> ::core::result::Result<Self, borsh::__private::maybestd::io::Error> {
        Ok(
            Self(
                borsh::BorshDeserialize::deserialize_reader(reader)?,
                borsh::BorshDeserialize::deserialize_reader(reader)?,
            ),
        )
    }
}

