---
source: borsh-derive/src/internals/schema/enums/mod.rs
assertion_line: 258
expression: pretty_print_syn_str(&actual).unwrap()
---
#[automatically_derived]
impl borsh::BorshSchema for X {
    fn declaration() -> borsh::schema::Declaration {
        "X".to_string()
    }
    fn add_definitions_recursively(
        definitions: &mut borsh::__private::maybestd::collections::BTreeMap<
            borsh::schema::Declaration,
            borsh::schema::Definition,
        >,
    ) {
        #[allow(dead_code)]
        #[allow(non_camel_case_types)]
        #[derive(borsh::BorshSchema)]
        #[borsh(crate = "borsh")]
        struct X__A;
        #[allow(dead_code)]
        #[allow(non_camel_case_types)]
        #[derive(borsh::BorshSchema)]
        #[borsh(crate = "borsh")]
        struct X__B;
        #[allow(dead_code)]
        #[allow(non_camel_case_types)]
        #[derive(borsh::BorshSchema)]
        #[borsh(crate = "borsh")]
        struct X__C;
        #[allow(dead_code)]
        #[allow(non_camel_case_types)]
        #[derive(borsh::BorshSchema)]
        #[borsh(crate = "borsh")]
        struct X__D;
        #[allow(dead_code)]
        #[allow(non_camel_case_types)]
        #[derive(borsh::BorshSchema)]
        #[borsh(crate = "borsh")]
        struct X__E;
        #[allow(dead_code)]
        #[allow(non_camel_case_types)]
        #[derive(borsh::BorshSchema)]
        #[borsh(crate = "borsh")]
        struct X__F;
        <X__A as borsh::BorshSchema>::add_definitions_recursively(definitions);
        <X__B as borsh::BorshSchema>::add_definitions_recursively(definitions);
        <X__C as borsh::BorshSchema>::add_definitions_recursively(definitions);
        <X__D as borsh::BorshSchema>::add_definitions_recursively(definitions);
        <X__E as borsh::BorshSchema>::add_definitions_recursively(definitions);
        <X__F as borsh::BorshSchema>::add_definitions_recursively(definitions);
        let definition = borsh::schema::Definition::Enum {
            tag_width: 1,
            variants: borsh::__private::maybestd::vec![
                (u8::from(0) as i64, "A".into(), < X__A as borsh::BorshSchema >
                ::declaration()), (u8::from(20) as i64, "B".into(), < X__B as
                borsh::BorshSchema > ::declaration()), (u8::from(20 + 1) as i64, "C"
                .into(), < X__C as borsh::BorshSchema > ::declaration()), (u8::from(20 +
                1 + 1) as i64, "D".into(), < X__D as borsh::BorshSchema >
                ::declaration()), (u8::from(10) as i64, "E".into(), < X__E as
                borsh::BorshSchema > ::declaration()), (u8::from(10 + 1) as i64, "F"
                .into(), < X__F as borsh::BorshSchema > ::declaration())
            ],
        };
        borsh::schema::add_definition(
            <Self as borsh::BorshSchema>::declaration(),
            definition,
            definitions,
        );
    }
}
