---
source: borsh-derive/src/internals/schema/enums/mod.rs
expression: pretty_print_syn_str(&actual).unwrap()
---
impl<K: Key, V> borsh::BorshSchema for A<K, V>
where
    V: Value,
    K: borsh::BorshSchema,
    V: borsh::BorshSchema,
{
    fn declaration() -> borsh::schema::Declaration {
        let params = borsh::__private::maybestd::vec![
            < K > ::declaration(), < V > ::declaration()
        ];
        format!(r#"{}<{}>"#, "A", params.join(", "))
    }
    fn add_definitions_recursively(
        definitions: &mut borsh::__private::maybestd::collections::BTreeMap<
            borsh::schema::Declaration,
            borsh::schema::Definition,
        >,
    ) {
        #[allow(dead_code)]
        #[derive(borsh::BorshSchema)]
        #[borsh(crate = "borsh")]
        struct AB<K: Key, V>
        where
            V: Value,
        {
            x: HashMap<K, V>,
            y: String,
        }
        #[allow(dead_code)]
        #[derive(borsh::BorshSchema)]
        #[borsh(crate = "borsh")]
        struct AC<K: Key>(K, Vec<A>);
        <AB<K, V> as borsh::BorshSchema>::add_definitions_recursively(definitions);
        <AC<K> as borsh::BorshSchema>::add_definitions_recursively(definitions);
        let definition = borsh::schema::Definition::Enum {
            tag_width: 1,
            variants: borsh::__private::maybestd::vec![
                (0u8 as i64, "B".to_string(), < AB < K, V > > ::declaration()), (1u8 as
                i64, "C".to_string(), < AC < K > > ::declaration())
            ],
        };
        borsh::schema::add_definition(Self::declaration(), definition, definitions);
    }
}

