---
source: borsh-derive/src/internals/schema/enums/mod.rs
expression: pretty_print_syn_str(&actual).unwrap()
---
impl reexporter::borsh::BorshSchema for A {
    fn declaration() -> reexporter::borsh::schema::Declaration {
        "A".to_string()
    }
    fn add_definitions_recursively(
        definitions: &mut reexporter::borsh::__private::maybestd::collections::BTreeMap<
            reexporter::borsh::schema::Declaration,
            reexporter::borsh::schema::Definition,
        >,
    ) {
        <() as reexporter::borsh::BorshSchema>::add_definitions_recursively(definitions);
        <() as reexporter::borsh::BorshSchema>::add_definitions_recursively(definitions);
        let discriminant_0: u8 = 0u8;
        let discriminant_1: u8 = 1u8;
        let definition = reexporter::borsh::schema::Definition::Enum {
            tag_width: 1,
            variants: reexporter::borsh::__private::maybestd::vec![
                (discriminant_0 as i64, "Bacon".into(), < () as
                reexporter::borsh::BorshSchema > ::declaration(),), (discriminant_1 as
                i64, "Eggs".into(), < () as reexporter::borsh::BorshSchema >
                ::declaration(),)
            ],
        };
        reexporter::borsh::schema::add_definition(
            <Self as reexporter::borsh::BorshSchema>::declaration(),
            definition,
            definitions,
        );
    }
}

