---
source: borsh-derive/src/internals/schema/enum/mod.rs
expression: pretty_print_syn_str(&actual).unwrap()
---
impl borsh::BorshSchema for A {
    fn declaration() -> borsh::schema::Declaration {
        "A".to_string()
    }
    fn add_definitions_recursively(
        definitions: &mut borsh::__private::maybestd::collections::BTreeMap<
            borsh::schema::Declaration,
            borsh::schema::Definition,
        >,
    ) {
        #[allow(dead_code)]
        #[derive(borsh::BorshSchema)]
        struct ABacon;
        <ABacon as borsh::BorshSchema>::add_definitions_recursively(definitions);
        let variants = borsh::__private::maybestd::vec![
            ("Bacon".to_string(), < ABacon > ::declaration())
        ];
        let definition = borsh::schema::Definition::Enum {
            variants,
        };
        Self::add_definition(Self::declaration(), definition, definitions);
    }
}

