---
source: borsh/tests/test_ser_de_with.rs
expression: data
---
[
    2,
    0,
    0,
    0,
    0,
    0,
    0,
    0,
    0,
    0,
    0,
    0,
    11,
    0,
    0,
    0,
    48,
    116,
    104,
    32,
    101,
    108,
    101,
    109,
    101,
    110,
    116,
    1,
    0,
    0,
    0,
    0,
    0,
    0,
    0,
    11,
    0,
    0,
    0,
    49,
    115,
    116,
    32,
    101,
    108,
    101,
    109,
    101,
    110,
    116,
    42,
    0,
    0,
    0,
    0,
    0,
    0,
    0,
]
