---
source: borsh/tests/test_arrays.rs
expression: buf
---
[
    0,
    0,
    0,
    0,
    16,
    159,
    75,
    179,
    21,
    7,
    201,
    123,
    206,
    151,
    192,
    0,
    0,
    0,
    0,
    0,
    16,
    159,
    75,
    179,
    21,
    7,
    201,
    123,
    206,
    151,
    192,
    0,
    0,
    0,
    0,
    0,
    16,
    159,
    75,
    179,
    21,
    7,
    201,
    123,
    206,
    151,
    192,
    0,
    0,
    0,
    0,
    0,
    16,
    159,
    75,
    179,
    21,
    7,
    201,
    123,
    206,
    151,
    192,
    0,
    0,
    0,
    0,
    0,
    16,
    159,
    75,
    179,
    21,
    7,
    201,
    123,
    206,
    151,
    192,
    0,
    0,
    0,
    0,
    0,
    16,
    159,
    75,
    179,
    21,
    7,
    201,
    123,
    206,
    151,
    192,
    0,
    0,
    0,
    0,
    0,
    16,
    159,
    75,
    179,
    21,
    7,
    201,
    123,
    206,
    151,
    192,
    0,
    0,
    0,
    0,
    0,
    16,
    159,
    75,
    179,
    21,
    7,
    201,
    123,
    206,
    151,
    192,
    0,
    0,
    0,
    0,
    0,
    16,
    159,
    75,
    179,
    21,
    7,
    201,
    123,
    206,
    151,
    192,
    0,
    0,
    0,
    0,
    0,
    16,
    159,
    75,
    179,
    21,
    7,
    201,
    123,
    206,
    151,
    192,
    0,
    0,
    0,
    0,
    0,
    16,
    159,
    75,
    179,
    21,
    7,
    201,
    123,
    206,
    151,
    192,
    0,
    0,
    0,
    0,
    0,
    16,
    159,
    75,
    179,
    21,
    7,
    201,
    123,
    206,
    151,
    192,
    0,
    0,
    0,
    0,
    0,
    16,
    159,
    75,
    179,
    21,
    7,
    201,
    123,
    206,
    151,
    192,
    0,
    0,
    0,
    0,
    0,
    16,
    159,
    75,
    179,
    21,
    7,
    201,
    123,
    206,
    151,
    192,
    0,
    0,
    0,
    0,
    0,
    16,
    159,
    75,
    179,
    21,
    7,
    201,
    123,
    206,
    151,
    192,
    0,
    0,
    0,
    0,
    0,
    16,
    159,
    75,
    179,
    21,
    7,
    201,
    123,
    206,
    151,
    192,
    0,
]
