---
source: borsh-derive/src/internals/serialize/structs/mod.rs
expression: pretty_print_syn_str(actual).unwrap()
---
impl<K: Key, V> borsh::ser::BorshSerializeAsync for A<K, V>
where
    V: Value,
    K: borsh::ser::BorshSerializeAsync,
    V: borsh::ser::BorshSerializeAsync,
{
    async fn serialize<'async_variant, __W: borsh::async_io::AsyncWrite>(
        &'async_variant self,
        writer: &'async_variant mut __W,
    ) -> ::core::result::Result<(), borsh::io::Error> {
        <HashMap<K, V> as borsh::BorshSerializeAsync>::serialize(&self.x, writer).await?;
        <String as borsh::BorshSerializeAsync>::serialize(&self.y, writer).await?;
        ::core::result::Result::Ok(())
    }
}
