---
source: borsh-derive/src/internals/serialize/structs/mod.rs
expression: pretty_print_syn_str(&actual).unwrap()
---
impl<K: Key, V> borsh::ser::BorshSerialize for A<K, V>
where
    V: Value,
    K: borsh::ser::BorshSerialize,
    V: borsh::ser::BorshSerialize,
{
    fn serialize<W: borsh::io::Write>(
        &self,
        writer: &mut W,
    ) -> ::core::result::Result<(), borsh::io::Error> {
        borsh::BorshSerialize::serialize(&self.x, writer)?;
        borsh::BorshSerialize::serialize(&self.y, writer)?;
        Ok(())
    }
}

