---
source: borsh-derive/src/internals/serialize/structs/mod.rs
expression: pretty_print_syn_str(&actual).unwrap()
---
impl<T: Debug, U> borsh::ser::BorshSerialize for C<T, U>
where
    T: borsh::ser::BorshSerialize + PartialOrd,
    U: borsh::ser::BorshSerialize,
{
    fn serialize<W: borsh::io::Write>(
        &self,
        writer: &mut W,
    ) -> ::core::result::Result<(), borsh::io::Error> {
        borsh::BorshSerialize::serialize(&self.a, writer)?;
        borsh::BorshSerialize::serialize(&self.b, writer)?;
        Ok(())
    }
}

