---
source: borsh-derive/src/internals/serialize/structs/mod.rs
expression: pretty_print_syn_str(actual).unwrap()
---
impl borsh::ser::BorshSerialize for A {
    fn serialize<__W: borsh::io::Write>(
        &self,
        writer: &mut __W,
    ) -> ::core::result::Result<(), borsh::io::Error> {
        <u64 as borsh::BorshSerialize>::serialize(&self.x, writer)?;
        <String as borsh::BorshSerialize>::serialize(&self.y, writer)?;
        ::core::result::Result::Ok(())
    }
}
