---
source: borsh/tests/roundtrip/test_serde_json_value.rs
expression: serialized
---
[
    5,
    17,
    0,
    0,
    0,
    15,
    0,
    0,
    0,
    97,
    114,
    114,
    97,
    121,
    95,
    111,
    102,
    95,
    97,
    114,
    114,
    97,
    121,
    115,
    4,
    3,
    0,
    0,
    0,
    4,
    3,
    0,
    0,
    0,
    2,
    0,
    1,
    0,
    0,
    0,
    0,
    0,
    0,
    0,
    2,
    0,
    2,
    0,
    0,
    0,
    0,
    0,
    0,
    0,
    2,
    0,
    3,
    0,
    0,
    0,
    0,
    0,
    0,
    0,
    4,
    3,
    0,
    0,
    0,
    2,
    0,
    4,
    0,
    0,
    0,
    0,
    0,
    0,
    0,
    2,
    0,
    5,
    0,
    0,
    0,
    0,
    0,
    0,
    0,
    2,
    0,
    6,
    0,
    0,
    0,
    0,
    0,
    0,
    0,
    4,
    3,
    0,
    0,
    0,
    2,
    0,
    7,
    0,
    0,
    0,
    0,
    0,
    0,
    0,
    2,
    0,
    8,
    0,
    0,
    0,
    0,
    0,
    0,
    0,
    2,
    0,
    9,
    0,
    0,
    0,
    0,
    0,
    0,
    0,
    14,
    0,
    0,
    0,
    97,
    114,
    114,
    97,
    121,
    95,
    111,
    102,
    95,
    110,
    117,
    108,
    108,
    115,
    4,
    3,
    0,
    0,
    0,
    0,
    0,
    0,
    16,
    0,
    0,
    0,
    97,
    114,
    114,
    97,
    121,
    95,
    111,
    102,
    95,
    110,
    117,
    109,
    98,
    101,
    114,
    115,
    4,
    6,
    0,
    0,
    0,
    2,
    0,
    0,
    0,
    0,
    0,
    0,
    0,
    0,
    0,
    2,
    1,
    255,
    255,
    255,
    255,
    255,
    255,
    255,
    255,
    2,
    0,
    1,
    0,
    0,
    0,
    0,
    0,
    0,
    0,
    2,
    2,
    154,
    153,
    153,
    153,
    153,
    153,
    241,
    63,
    2,
    2,
    154,
    153,
    153,
    153,
    153,
    153,
    241,
    191,
    2,
    0,
    244,
    250,
    18,
    2,
    0,
    0,
    0,
    0,
    16,
    0,
    0,
    0,
    97,
    114,
    114,
    97,
    121,
    95,
    111,
    102,
    95,
    111,
    98,
    106,
    101,
    99,
    116,
    115,
    4,
    3,
    0,
    0,
    0,
    5,
    2,
    0,
    0,
    0,
    3,
    0,
    0,
    0,
    97,
    103,
    101,
    2,
    0,
    30,
    0,
    0,
    0,
    0,
    0,
    0,
    0,
    4,
    0,
    0,
    0,
    110,
    97,
    109,
    101,
    3,
    5,
    0,
    0,
    0,
    76,
    97,
    114,
    114,
    121,
    5,
    2,
    0,
    0,
    0,
    3,
    0,
    0,
    0,
    97,
    103,
    101,
    2,
    0,
    7,
    0,
    0,
    0,
    0,
    0,
    0,
    0,
    4,
    0,
    0,
    0,
    110,
    97,
    109,
    101,
    3,
    4,
    0,
    0,
    0,
    74,
    97,
    107,
    101,
    5,
    2,
    0,
    0,
    0,
    3,
    0,
    0,
    0,
    97,
    103,
    101,
    2,
    0,
    8,
    0,
    0,
    0,
    0,
    0,
    0,
    0,
    4,
    0,
    0,
    0,
    110,
    97,
    109,
    101,
    3,
    7,
    0,
    0,
    0,
    80,
    117,
    109,
    112,
    107,
    105,
    110,
    16,
    0,
    0,
    0,
    97,
    114,
    114,
    97,
    121,
    95,
    111,
    102,
    95,
    115,
    116,
    114,
    105,
    110,
    103,
    115,
    4,
    3,
    0,
    0,
    0,
    3,
    5,
    0,
    0,
    0,
    76,
    97,
    114,
    114,
    121,
    3,
    4,
    0,
    0,
    0,
    74,
    97,
    107,
    101,
    3,
    7,
    0,
    0,
    0,
    80,
    117,
    109,
    112,
    107,
    105,
    110,
    5,
    0,
    0,
    0,
    102,
    97,
    108,
    115,
    101,
    1,
    0,
    14,
    0,
    0,
    0,
    110,
    101,
    103,
    97,
    116,
    105,
    118,
    101,
    95,
    102,
    108,
    111,
    97,
    116,
    2,
    2,
    215,
    163,
    112,
    61,
    10,
    199,
    139,
    192,
    16,
    0,
    0,
    0,
    110,
    101,
    103,
    97,
    116,
    105,
    118,
    101,
    95,
    105,
    110,
    116,
    101,
    103,
    101,
    114,
    2,
    1,
    200,
    164,
    254,
    255,
    255,
    255,
    255,
    255,
    12,
    0,
    0,
    0,
    110,
    101,
    103,
    97,
    116,
    105,
    118,
    101,
    95,
    109,
    97,
    120,
    2,
    2,
    255,
    255,
    255,
    255,
    255,
    255,
    239,
    255,
    4,
    0,
    0,
    0,
    110,
    117,
    108,
    108,
    0,
    6,
    0,
    0,
    0,
    111,
    98,
    106,
    101,
    99,
    116,
    5,
    3,
    0,
    0,
    0,
    3,
    0,
    0,
    0,
    97,
    103,
    101,
    2,
    0,
    30,
    0,
    0,
    0,
    0,
    0,
    0,
    0,
    4,
    0,
    0,
    0,
    110,
    97,
    109,
    101,
    3,
    5,
    0,
    0,
    0,
    76,
    97,
    114,
    114,
    121,
    4,
    0,
    0,
    0,
    112,
    101,
    116,
    115,
    4,
    2,
    0,
    0,
    0,
    5,
    2,
    0,
    0,
    0,
    3,
    0,
    0,
    0,
    97,
    103,
    101,
    2,
    0,
    7,
    0,
    0,
    0,
    0,
    0,
    0,
    0,
    4,
    0,
    0,
    0,
    110,
    97,
    109,
    101,
    3,
    4,
    0,
    0,
    0,
    74,
    97,
    107,
    101,
    5,
    2,
    0,
    0,
    0,
    3,
    0,
    0,
    0,
    97,
    103,
    101,
    2,
    0,
    8,
    0,
    0,
    0,
    0,
    0,
    0,
    0,
    4,
    0,
    0,
    0,
    110,
    97,
    109,
    101,
    3,
    7,
    0,
    0,
    0,
    80,
    117,
    109,
    112,
    107,
    105,
    110,
    14,
    0,
    0,
    0,
    112,
    111,
    115,
    105,
    116,
    105,
    118,
    101,
    95,
    102,
    108,
    111,
    97,
    116,
    2,
    2,
    205,
    204,
    204,
    204,
    204,
    220,
    94,
    64,
    16,
    0,
    0,
    0,
    112,
    111,
    115,
    105,
    116,
    105,
    118,
    101,
    95,
    105,
    110,
    116,
    101,
    103,
    101,
    114,
    2,
    0,
    57,
    48,
    0,
    0,
    0,
    0,
    0,
    0,
    12,
    0,
    0,
    0,
    112,
    111,
    115,
    105,
    116,
    105,
    118,
    101,
    95,
    109,
    97,
    120,
    2,
    2,
    255,
    255,
    255,
    255,
    255,
    255,
    239,
    127,
    6,
    0,
    0,
    0,
    115,
    116,
    114,
    105,
    110,
    103,
    3,
    5,
    0,
    0,
    0,
    76,
    97,
    114,
    114,
    121,
    4,
    0,
    0,
    0,
    116,
    114,
    117,
    101,
    1,
    1,
    4,
    0,
    0,
    0,
    122,
    101,
    114,
    111,
    2,
    0,
    0,
    0,
    0,
    0,
    0,
    0,
    0,
    0,
]
